SQL> -----------------------------------------------------------------------
SQL> CREATE TABLESPACE MDM_DATATS DATAFILE 
  'D:\software\eclipse\OracleXE112_Win32\oraclexe\app\oracle\oradata\XE\MDM_DATATS.DBF' SIZE 1000M AUTOEXTEND ON NEXT 100M MAXSIZE UNLIMITED
LOGGING
EXTENT MANAGEMENT LOCAL AUTOALLOCATE
BLOCKSIZE 8K
SEGMENT SPACE MANAGEMENT AUTO
FLASHBACK ON;

Tablespace MDM_DATATS created.

SQL> CREATE TABLESPACE MDM_INDXTS DATAFILE 
  'D:\software\eclipse\OracleXE112_Win32\oraclexe\app\oracle\oradata\XE\MDM_INDXTS.DBF' SIZE 1000M AUTOEXTEND ON NEXT 100M MAXSIZE UNLIMITED
LOGGING
EXTENT MANAGEMENT LOCAL AUTOALLOCATE
BLOCKSIZE 8K
SEGMENT SPACE MANAGEMENT AUTO
FLASHBACK ON;

Tablespace MDM_INDXTS created.

SQL> CREATE PROFILE MDM_PROFILE LIMIT
  SESSIONS_PER_USER UNLIMITED
  CPU_PER_SESSION DEFAULT
  CPU_PER_CALL DEFAULT
  CONNECT_TIME UNLIMITED
  IDLE_TIME DEFAULT
  LOGICAL_READS_PER_SESSION DEFAULT
  LOGICAL_READS_PER_CALL DEFAULT
  COMPOSITE_LIMIT DEFAULT
  PRIVATE_SGA DEFAULT
  FAILED_LOGIN_ATTEMPTS DEFAULT
  PASSWORD_LIFE_TIME UNLIMITED
  PASSWORD_REUSE_TIME 1
  PASSWORD_REUSE_MAX 12
  PASSWORD_LOCK_TIME DEFAULT
  PASSWORD_GRACE_TIME DEFAULT
  PASSWORD_VERIFY_FUNCTION DEFAULT;

Profile MDM_PROFILE created.

SQL> CREATE USER MDM_OWNER
  IDENTIFIED BY mdm_owner
  DEFAULT TABLESPACE MDM_DATATS
  TEMPORARY TABLESPACE TEMP
  PROFILE MDM_PROFILE
  ACCOUNT UNLOCK;

User MDM_OWNER created.

SQL> -- 7 Roles for MDM_OWNER 
SQL> GRANT CONNECT TO MDM_OWNER;

Grant succeeded.

SQL> GRANT SELECT_CATALOG_ROLE TO MDM_OWNER;

Grant succeeded.

SQL> GRANT EXECUTE_CATALOG_ROLE TO MDM_OWNER;

Grant succeeded.

SQL> GRANT IMP_FULL_DATABASE TO MDM_OWNER;

Grant succeeded.

SQL> GRANT HS_ADMIN_ROLE TO MDM_OWNER;

Grant succeeded.

SQL> GRANT RESOURCE TO MDM_OWNER;

Grant succeeded.

SQL> ALTER USER MDM_OWNER DEFAULT ROLE ALL;

User MDM_OWNER altered.

SQL> -- 82 System Privileges for MDM_OWNER 
SQL> GRANT CREATE ANY SQL PROFILE TO MDM_OWNER;

Grant succeeded.

SQL> GRANT DROP ANY SQL PROFILE TO MDM_OWNER;

Grant succeeded.

SQL> GRANT DROP ANY CONTEXT TO MDM_OWNER;

Grant succeeded.

SQL> GRANT CREATE ANY DIMENSION TO MDM_OWNER;

Grant succeeded.

SQL> GRANT CREATE ANY MATERIALIZED VIEW TO MDM_OWNER;

Grant succeeded.

SQL> GRANT CREATE ANY TRIGGER TO MDM_OWNER;

Grant succeeded.

SQL> GRANT CREATE ROLE TO MDM_OWNER;

Grant succeeded.

SQL> GRANT CREATE ANY VIEW TO MDM_OWNER;

Grant succeeded.

SQL> GRANT DROP PUBLIC SYNONYM TO MDM_OWNER;

Grant succeeded.

SQL> GRANT CREATE ANY SYNONYM TO MDM_OWNER;

Grant succeeded.

SQL> GRANT CREATE CLUSTER TO MDM_OWNER;

Grant succeeded.

SQL> GRANT INSERT ANY TABLE TO MDM_OWNER;

Grant succeeded.

SQL> GRANT DROP ANY TABLE TO MDM_OWNER;

Grant succeeded.

SQL> GRANT DROP ROLLBACK SEGMENT TO MDM_OWNER;

Grant succeeded.

SQL> GRANT DEBUG CONNECT SESSION TO MDM_OWNER;

Grant succeeded.

SQL> GRANT SELECT ANY DICTIONARY TO MDM_OWNER;

Grant succeeded.

SQL> GRANT DROP ANY OUTLINE TO MDM_OWNER;

Grant succeeded.

SQL> GRANT CREATE INDEXTYPE TO MDM_OWNER;

Grant succeeded.

SQL> GRANT DROP ANY OPERATOR TO MDM_OWNER;

Grant succeeded.

SQL> GRANT CREATE ANY OPERATOR TO MDM_OWNER;

Grant succeeded.

SQL> GRANT ALTER ANY TYPE TO MDM_OWNER;

Grant succeeded.

SQL> GRANT DROP ANY MATERIALIZED VIEW TO MDM_OWNER;

Grant succeeded.

SQL> GRANT ANALYZE ANY TO MDM_OWNER;

Grant succeeded.

SQL> GRANT CREATE TRIGGER TO MDM_OWNER;

Grant succeeded.

SQL> GRANT AUDIT ANY TO MDM_OWNER;

Grant succeeded.

SQL> GRANT CREATE ANY CONTEXT TO MDM_OWNER;

Grant succeeded.

SQL> GRANT ALTER ANY TRIGGER TO MDM_OWNER;

Grant succeeded.

SQL> GRANT EXECUTE ANY PROCEDURE TO MDM_OWNER;

Grant succeeded.

SQL> GRANT ALTER ANY PROCEDURE TO MDM_OWNER;

Grant succeeded.

SQL> GRANT CREATE PROCEDURE TO MDM_OWNER;

Grant succeeded.

SQL> GRANT CREATE DATABASE LINK TO MDM_OWNER;

Grant succeeded.

SQL> GRANT CREATE VIEW TO MDM_OWNER;

Grant succeeded.

SQL> GRANT DROP ANY INDEX TO MDM_OWNER;

Grant succeeded.

SQL> GRANT CREATE ANY INDEX TO MDM_OWNER;

Grant succeeded.

SQL> GRANT CREATE ANY CLUSTER TO MDM_OWNER;

Grant succeeded.

SQL> GRANT UPDATE ANY TABLE TO MDM_OWNER;

Grant succeeded.

SQL> GRANT EXECUTE ANY TYPE TO MDM_OWNER;

Grant succeeded.

SQL> GRANT CREATE ANY TYPE TO MDM_OWNER;

Grant succeeded.

SQL> GRANT CREATE MATERIALIZED VIEW TO MDM_OWNER;

Grant succeeded.

SQL> GRANT DROP ANY ROLE TO MDM_OWNER;

Grant succeeded.

SQL> GRANT DROP ANY SEQUENCE TO MDM_OWNER;

Grant succeeded.

SQL> GRANT DROP ANY VIEW TO MDM_OWNER;

Grant succeeded.

SQL> GRANT DROP ANY CLUSTER TO MDM_OWNER;

Grant succeeded.

SQL> GRANT DROP PUBLIC DATABASE LINK TO MDM_OWNER;

Grant succeeded.

SQL> GRANT CREATE PUBLIC DATABASE LINK TO MDM_OWNER;

Grant succeeded.

SQL> GRANT CREATE ANY SEQUENCE TO MDM_OWNER;

Grant succeeded.

SQL> GRANT CREATE ANY TABLE TO MDM_OWNER;

Grant succeeded.

SQL> GRANT BECOME USER TO MDM_OWNER;

Grant succeeded.

SQL> GRANT UNLIMITED TABLESPACE TO MDM_OWNER;

Grant succeeded.

SQL> GRANT DROP TABLESPACE TO MDM_OWNER;

Grant succeeded.

SQL> GRANT ALTER SESSION TO MDM_OWNER;

Grant succeeded.

SQL> GRANT CREATE ANY INDEXTYPE TO MDM_OWNER;

Grant succeeded.

SQL> GRANT CREATE ANY LIBRARY TO MDM_OWNER;

Grant succeeded.

SQL> GRANT CREATE TYPE TO MDM_OWNER;

Grant succeeded.

SQL> GRANT CREATE PROFILE TO MDM_OWNER;

Grant succeeded.

SQL> GRANT CREATE SEQUENCE TO MDM_OWNER;

Grant succeeded.

SQL> GRANT DROP ANY DIMENSION TO MDM_OWNER;

Grant succeeded.

SQL> GRANT GLOBAL QUERY REWRITE TO MDM_OWNER;

Grant succeeded.

SQL> GRANT CREATE OPERATOR TO MDM_OWNER;

Grant succeeded.

SQL> GRANT DROP ANY LIBRARY TO MDM_OWNER;

Grant succeeded.

SQL> GRANT DROP ANY TYPE TO MDM_OWNER;

Grant succeeded.

SQL> GRANT DROP ANY DIRECTORY TO MDM_OWNER;

Grant succeeded.

SQL> GRANT DROP ANY TRIGGER TO MDM_OWNER;

Grant succeeded.

SQL> GRANT CREATE ANY PROCEDURE TO MDM_OWNER;

Grant succeeded.

SQL> GRANT COMMENT ANY TABLE TO MDM_OWNER;

Grant succeeded.

SQL> GRANT ALTER ANY TABLE TO MDM_OWNER;

Grant succeeded.

SQL> GRANT CREATE TABLE TO MDM_OWNER;

Grant succeeded.

SQL> GRANT DROP USER TO MDM_OWNER;

Grant succeeded.

SQL> GRANT CREATE USER TO MDM_OWNER;

Grant succeeded.

SQL> GRANT CREATE TABLESPACE TO MDM_OWNER;

Grant succeeded.

SQL> GRANT RESUMABLE TO MDM_OWNER;

Grant succeeded.

SQL> GRANT ADMINISTER DATABASE TRIGGER TO MDM_OWNER;

Grant succeeded.

SQL> GRANT DROP ANY INDEXTYPE TO MDM_OWNER;

Grant succeeded.

SQL> GRANT CREATE ANY DIRECTORY TO MDM_OWNER;

Grant succeeded.

SQL> GRANT DROP PROFILE TO MDM_OWNER;

Grant succeeded.

SQL> GRANT DROP ANY PROCEDURE TO MDM_OWNER;

Grant succeeded.

SQL> GRANT CREATE PUBLIC SYNONYM TO MDM_OWNER;

Grant succeeded.

SQL> GRANT DROP ANY SYNONYM TO MDM_OWNER;

Grant succeeded.

SQL> GRANT CREATE SYNONYM TO MDM_OWNER;

Grant succeeded.

SQL> GRANT SELECT ANY TABLE TO MDM_OWNER;

Grant succeeded.

SQL> GRANT CREATE ROLLBACK SEGMENT TO MDM_OWNER;

Grant succeeded.

SQL> GRANT CREATE SESSION TO MDM_OWNER;

Grant succeeded.

SQL> -- 3 Tablespace Quotas for MDM_OWNER 
SQL> ALTER USER MDM_OWNER QUOTA UNLIMITED ON MDM_DATATS;

User MDM_OWNER altered.

SQL> ALTER USER MDM_OWNER QUOTA UNLIMITED ON MDM_INDXTS;

User MDM_OWNER altered.

